
[13:54:20 UTC] [SUCCESS] {"permissions":{"is_readable":true,"is_writable":true,"is_wp_filesystem":true},"directory":"\/home\/u583450134\/domains\/shop.kvadradoc.com\/public_html\/wp-content\/uploads"} | Context: {"permissions":{"is_readable":true,"is_writable":true,"is_wp_filesystem":true},"directory":"\/home\/u583450134\/domains\/shop.kvadradoc.com\/public_html\/wp-content\/uploads"}
[13:54:20 UTC] [SUCCESS] {"required_plugins":{"active":[],"inactive":[],"notinstalled":[{"slug":"ultimate-addons-for-gutenberg","init":"ultimate-addons-for-gutenberg\/ultimate-addons-for-gutenberg.php","name":"Spectra","action":"https:\/\/shop.kvadradoc.com\/wp-admin\/update.php?action=install-plugin&plugin=ultimate-addons-for-gutenberg&_wpnonce=ebe5aa197f"},{"slug":"woocommerce","init":"woocommerce\/woocommerce.php","name":"WooCommerce","action":"https:\/\/shop.kvadradoc.com\/wp-admin\/update.php?action=install-plugin&plugin=woocommerce&_wpnonce=aa9e9fecb1"},{"slug":"sureforms","init":"sureforms\/sureforms.php","name":"SureForms","action":"https:\/\/shop.kvadradoc.com\/wp-admin\/update.php?action=install-plugin&plugin=sureforms&_wpnonce=baea1c05d1"},{"slug":"woocommerce-payments","init":"woocommerce-payments\/woocommerce-payments.php","name":"WooPayments","action":"https:\/\/shop.kvadradoc.com\/wp-admin\/update.php?action=install-plugin&plugin=woocommerce-payments&_wpnonce=6c7e58b6bf"},{"slug":"woo-cart-abandonment-recovery","init":"woo-cart-abandonment-recovery\/woo-cart-abandonment-recovery.php","name":"WooCommerce Cart Abandonment Recovery","action":"https:\/\/shop.kvadradoc.com\/wp-admin\/update.php?action=install-plugin&plugin=woo-cart-abandonment-recovery&_wpnonce=fdf236c281"}]},"third_party_required_plugins":[],"update_avilable_plugins":[],"incompatible_plugins":[],"error":true} | Context: {"required_plugins":{"active":[],"inactive":[],"notinstalled":[{"slug":"ultimate-addons-for-gutenberg","init":"ultimate-addons-for-gutenberg\/ultimate-addons-for-gutenberg.php","name":"Spectra","action":"https:\/\/shop.kvadradoc.com\/wp-admin\/update.php?action=install-plugin&plugin=ultimate-addons-for-gutenberg&_wpnonce=ebe5aa197f"},{"slug":"woocommerce","init":"woocommerce\/woocommerce.php","name":"WooCommerce","action":"https:\/\/shop.kvadradoc.com\/wp-admin\/update.php?action=install-plugin&plugin=woocommerce&_wpnonce=aa9e9fecb1"},{"slug":"sureforms","init":"sureforms\/sureforms.php","name":"SureForms","action":"https:\/\/shop.kvadradoc.com\/wp-admin\/update.php?action=install-plugin&plugin=sureforms&_wpnonce=baea1c05d1"},{"slug":"woocommerce-payments","init":"woocommerce-payments\/woocommerce-payments.php","name":"WooPayments","action":"https:\/\/shop.kvadradoc.com\/wp-admin\/update.php?action=install-plugin&plugin=woocommerce-payments&_wpnonce=6c7e58b6bf"},{"slug":"woo-cart-abandonment-recovery","init":"woo-cart-abandonment-recovery\/woo-cart-abandonment-recovery.php","name":"WooCommerce Cart Abandonment Recovery","action":"https:\/\/shop.kvadradoc.com\/wp-admin\/update.php?action=install-plugin&plugin=woo-cart-abandonment-recovery&_wpnonce=fdf236c281"}]},"third_party_required_plugins":[],"update_avilable_plugins":[],"incompatible_plugins":[],"error":true}
[13:54:21 UTC] [INFO] Checking if plugin directory clearing is needed
[13:54:29 UTC] [INFO] Checking if plugin directory clearing is needed
[13:54:34 UTC] [INFO] Checking if plugin directory clearing is needed
[13:54:38 UTC] [INFO] Checking if plugin directory clearing is needed
[13:54:43 UTC] [INFO] Checking if plugin directory clearing is needed
[13:54:47 UTC] [INFO] Backing up existing settings
[13:54:47 UTC] [INFO] Starting backup of site settings.
[13:54:47 UTC] [INFO] Backup Settings - Backup file path: /home/u583450134/domains/shop.kvadradoc.com/public_html/wp-content/uploads/st-importer/astra-sites-backup-08-Apr-2026-01-54-47.json | Context: {"file_name":"astra-sites-backup-08-Apr-2026-01-54-47.json","settings_count":0}
[13:54:47 UTC] [SUCCESS] Backup Settings - Settings backup created successfully at /home/u583450134/domains/shop.kvadradoc.com/public_html/wp-content/uploads/st-importer/astra-sites-backup-08-Apr-2026-01-54-47.json | Context: {"file_path":"\/home\/u583450134\/domains\/shop.kvadradoc.com\/public_html\/wp-content\/uploads\/st-importer\/astra-sites-backup-08-Apr-2026-01-54-47.json","settings_count":0}
[13:54:47 UTC] [SUCCESS] Backup completed successfully | Context: {"backup_file":"\/home\/u583450134\/domains\/shop.kvadradoc.com\/public_html\/wp-content\/uploads\/st-importer\/astra-sites-backup-08-Apr-2026-01-54-47.json"}
[13:54:47 UTC] [SUCCESS] File generated at /home/u583450134/domains/shop.kvadradoc.com/public_html/wp-content/uploads/st-importer/astra-sites-backup-08-Apr-2026-01-54-47.json
[13:54:49 UTC] [INFO] Resetting customizer data | Context: {"settings_count":2}
[13:54:49 UTC] [INFO] Reset Customizer Data - Starting reset of customizer settings.
[13:54:49 UTC] [INFO] Reset Customizer Data - Retrieved customizer data with 2 settings entries. | Context: {"settings_count":2}
[13:54:49 UTC] [SUCCESS] Reset Customizer Data - Customizer settings successfully reset. Deleted 2 settings entries. | Context: {"settings_count":2,"option_name":"astra-settings"}
[13:54:49 UTC] [SUCCESS] Deleted Customizer Settings!
[13:54:49 UTC] [INFO] Resetting site options | Context: {"options_count":0}
[13:54:49 UTC] [WARNING] Reset Site Options - No site options to reset.
[13:54:49 UTC] [SUCCESS] Deleted Site Options!
[13:54:49 UTC] [INFO] Resetting widgets data | Context: {"widgets_count":0}
[13:54:49 UTC] [INFO] Reset Widgets Data - Starting reset of widgets data.
[13:54:49 UTC] [WARNING] Reset Widgets Data - No old widgets data provided for reset.
[13:54:49 UTC] [SUCCESS] Deleted Widgets!
[13:54:50 UTC] [INFO] Importing customizer settings | Context: {"settings_count":2}
[13:54:50 UTC] [INFO] Starting customizer settings import | Context: {"settings_count":2}
[13:54:50 UTC] [INFO] Validating customizer data keys | Context: {"keys":["astra-settings","custom-css"]}
[13:54:50 UTC] [INFO] Old customizer data backed up
[13:54:50 UTC] [SUCCESS] Astra theme settings updated | Context: {"option_key":"astra-settings"}
[13:54:50 UTC] [SUCCESS] Custom CSS updated | Context: {"option_key":"custom-css"}
[13:54:50 UTC] [SUCCESS] Customizer settings import completed successfully
[13:54:50 UTC] [SUCCESS] Customizer settings imported successfully
[13:54:52 UTC] [INFO] info | Context: {"file_url":"https:\/\/websitedemos.net\/wp-content\/uploads\/astra-sites\/1211\/wxr.xml","timeout_seconds":300}
[13:54:53 UTC] [INFO] success | Context: {"file_url":"https:\/\/websitedemos.net\/wp-content\/uploads\/astra-sites\/1211\/wxr.xml","file_size":41287813,"uploaded_file":"\/home\/u583450134\/domains\/shop.kvadradoc.com\/public_html\/wp-content\/uploads\/2026\/04\/wxr.xml"}
[13:54:53 UTC] [INFO] info | Context: {"xml_url_provided":true}
[13:54:53 UTC] [INFO] info | Context: {"xml_url":"\/home\/u583450134\/domains\/shop.kvadradoc.com\/public_html\/wp-content\/uploads\/2026\/04\/wxr.xml","file_size":41287813}
[13:54:59 UTC] [INFO] success | Context: {"post_id":104,"post_type":"nav_menu_item","original_id":104,"post_title":""}
[13:54:59 UTC] [INFO] success | Context: {"post_id":107,"post_type":"nav_menu_item","original_id":107,"post_title":""}
[13:54:59 UTC] [INFO] success | Context: {"post_id":108,"post_type":"nav_menu_item","original_id":108,"post_title":""}
[13:54:59 UTC] [INFO] success | Context: {"post_id":109,"post_type":"nav_menu_item","original_id":109,"post_title":"Buy T-Shirts"}
[13:55:01 UTC] [INFO] success | Context: {"post_id":1513,"post_type":"nav_menu_item","original_id":1513,"post_title":""}
[13:55:01 UTC] [INFO] success | Context: {"post_id":1514,"post_type":"page","original_id":5,"post_title":"Shop"}
[13:55:01 UTC] [INFO] success | Context: {"post_id":1515,"post_type":"page","original_id":6,"post_title":"Cart"}
[13:55:01 UTC] [INFO] success | Context: {"post_id":1516,"post_type":"page","original_id":7,"post_title":"Checkout"}
[13:55:01 UTC] [INFO] success | Context: {"post_id":1517,"post_type":"page","original_id":8,"post_title":"My account"}
[13:55:01 UTC] [INFO] success | Context: {"post_id":14,"post_type":"product","original_id":14,"post_title":"T-Shirt Name 1"}
[13:55:01 UTC] [INFO] success | Context: {"post_id":15,"post_type":"product_variation","original_id":15,"post_title":"T-Shirt Name 1 - Black"}
[13:55:01 UTC] [INFO] success | Context: {"post_id":16,"post_type":"product_variation","original_id":16,"post_title":"T-Shirt Name 1 - Orange"}
[13:55:01 UTC] [INFO] success | Context: {"post_id":18,"post_type":"product","original_id":18,"post_title":"T-Shirt Name 2"}
[13:55:01 UTC] [INFO] success | Context: {"post_id":22,"post_type":"product","original_id":22,"post_title":"T-Shirt Name 3"}
[13:55:01 UTC] [INFO] success | Context: {"post_id":26,"post_type":"product","original_id":26,"post_title":"T-Shirt Name 4"}
[13:55:01 UTC] [INFO] success | Context: {"post_id":30,"post_type":"product","original_id":30,"post_title":"T-Shirt Name 5"}
[13:55:01 UTC] [INFO] success | Context: {"post_id":34,"post_type":"product","original_id":34,"post_title":"T-Shirt Name 6"}
[13:55:01 UTC] [INFO] success | Context: {"post_id":38,"post_type":"product","original_id":38,"post_title":"T-Shirt Name 7"}
[13:55:01 UTC] [INFO] success | Context: {"post_id":42,"post_type":"product","original_id":42,"post_title":"T-Shirt Name 8"}
[13:55:01 UTC] [INFO] success | Context: {"post_id":57,"post_type":"product","original_id":57,"post_title":"T-Shirt Name 9"}
[13:55:01 UTC] [INFO] success | Context: {"post_id":61,"post_type":"product","original_id":61,"post_title":"T-Shirt Name 10"}
[13:55:01 UTC] [INFO] success | Context: {"post_id":96,"post_type":"page","original_id":96,"post_title":"About"}
[13:55:01 UTC] [INFO] success | Context: {"post_id":100,"post_type":"page","original_id":100,"post_title":"Contact"}
[13:55:01 UTC] [INFO] success | Context: {"post_id":102,"post_type":"page","original_id":102,"post_title":"Home"}
[13:55:01 UTC] [INFO] success | Context: {"post_id":17,"post_type":"product_variation","original_id":17,"post_title":"T-Shirt Name 1 - White"}
[13:55:01 UTC] [INFO] success | Context: {"post_id":19,"post_type":"product_variation","original_id":19,"post_title":"T-Shirt Name 2 - Black"}
[13:55:01 UTC] [INFO] success | Context: {"post_id":20,"post_type":"product_variation","original_id":20,"post_title":"T-Shirt Name 2 - Orange"}
[13:55:01 UTC] [INFO] success | Context: {"post_id":21,"post_type":"product_variation","original_id":21,"post_title":"T-Shirt Name 2 - White"}
[13:55:01 UTC] [INFO] success | Context: {"post_id":23,"post_type":"product_variation","original_id":23,"post_title":"T-Shirt Name 3 - Black"}
[13:55:01 UTC] [INFO] success | Context: {"post_id":24,"post_type":"product_variation","original_id":24,"post_title":"T-Shirt Name 3 - Orange"}
[13:55:01 UTC] [INFO] success | Context: {"post_id":25,"post_type":"product_variation","original_id":25,"post_title":"T-Shirt Name 3 - White"}
[13:55:01 UTC] [INFO] success | Context: {"post_id":27,"post_type":"product_variation","original_id":27,"post_title":"T-Shirt Name 4 - Black"}
[13:55:01 UTC] [INFO] success | Context: {"post_id":28,"post_type":"product_variation","original_id":28,"post_title":"T-Shirt Name 4 - Orange"}
[13:55:01 UTC] [INFO] success | Context: {"post_id":29,"post_type":"product_variation","original_id":29,"post_title":"T-Shirt Name 4 - White"}
[13:55:01 UTC] [INFO] success | Context: {"post_id":31,"post_type":"product_variation","original_id":31,"post_title":"T-Shirt Name 5 - Black"}
[13:55:01 UTC] [INFO] success | Context: {"post_id":32,"post_type":"product_variation","original_id":32,"post_title":"T-Shirt Name 5 - Orange"}
[13:55:01 UTC] [INFO] success | Context: {"post_id":33,"post_type":"product_variation","original_id":33,"post_title":"T-Shirt Name 5 - White"}
[13:55:01 UTC] [INFO] success | Context: {"post_id":35,"post_type":"product_variation","original_id":35,"post_title":"T-Shirt Name 6 - Black"}
[13:55:01 UTC] [INFO] success | Context: {"post_id":36,"post_type":"product_variation","original_id":36,"post_title":"T-Shirt Name 6 - Orange"}
[13:55:01 UTC] [INFO] success | Context: {"post_id":37,"post_type":"product_variation","original_id":37,"post_title":"T-Shirt Name 6 - White"}
[13:55:01 UTC] [INFO] success | Context: {"post_id":39,"post_type":"product_variation","original_id":39,"post_title":"T-Shirt Name 7 - Black"}
[13:55:01 UTC] [INFO] success | Context: {"post_id":40,"post_type":"product_variation","original_id":40,"post_title":"T-Shirt Name 7 - Orange"}
[13:55:01 UTC] [INFO] success | Context: {"post_id":41,"post_type":"product_variation","original_id":41,"post_title":"T-Shirt Name 7 - White"}
[13:55:01 UTC] [INFO] success | Context: {"post_id":43,"post_type":"product_variation","original_id":43,"post_title":"T-Shirt Name 8 - Black"}
[13:55:01 UTC] [INFO] success | Context: {"post_id":55,"post_type":"product_variation","original_id":55,"post_title":"T-Shirt Name 8 - Orange"}
[13:55:01 UTC] [INFO] success | Context: {"post_id":56,"post_type":"product_variation","original_id":56,"post_title":"T-Shirt Name 8 - White"}
[13:55:01 UTC] [INFO] success | Context: {"post_id":58,"post_type":"product_variation","original_id":58,"post_title":"T-Shirt Name 9 - Black"}
[13:55:01 UTC] [INFO] success | Context: {"post_id":59,"post_type":"product_variation","original_id":59,"post_title":"T-Shirt Name 9 - Orange"}
[13:55:01 UTC] [INFO] success | Context: {"post_id":60,"post_type":"product_variation","original_id":60,"post_title":"T-Shirt Name 9 - White"}
[13:55:01 UTC] [INFO] success | Context: {"post_id":62,"post_type":"product_variation","original_id":62,"post_title":"T-Shirt Name 10 - Black"}
[13:55:01 UTC] [INFO] success | Context: {"post_id":63,"post_type":"product_variation","original_id":63,"post_title":"T-Shirt Name 10 - Orange"}
[13:55:01 UTC] [INFO] success | Context: {"post_id":64,"post_type":"product_variation","original_id":64,"post_title":"T-Shirt Name 10 - White"}
[13:55:01 UTC] [INFO] success | Context: {"post_id":1546,"post_type":"sureforms_form","original_id":1546,"post_title":"Contact Form"}
[13:55:01 UTC] [INFO] success | Context: {"post_id":1547,"post_type":"sureforms_form","original_id":1547,"post_title":"Footer Form"}
[13:55:02 UTC] [INFO] success | Context: {"post_id":94,"post_type":"wp_global_styles","original_id":94,"post_title":"Custom Styles"}
[13:55:02 UTC] [INFO] success | Context: {"xml_url":"\/home\/u583450134\/domains\/shop.kvadradoc.com\/public_html\/wp-content\/uploads\/2026\/04\/wxr.xml"}
[13:55:02 UTC] [INFO] Importing site options | Context: {"options":{"woocommerce_product_attributes":{"id:1":{"attribute_id":"1","attribute_name":"color","attribute_label":"Color","attribute_type":"select","attribute_orderby":"menu_order","attribute_public":0}},"woocommerce_product_cat_list":{"28":{"term_id":28,"name":"Uncategorized","slug":"uncategorized","description":""},"144":{"term_id":144,"name":"Men","slug":"men","description":""},"29":{"term_id":29,"name":"Women","slug":"women","description":""}},"woocommerce_product_cat":[{"slug":"uncategorized","thumbnail_id":"","thumbnail_src":""},{"slug":"men","thumbnail_id":"304","thumbnail_src":"https:\/\/websitedemos.net\/t-shirts-store-07\/wp-content\/uploads\/sites\/1211\/2023\/03\/cat-men-300x300-1.jpg"},{"slug":"women","thumbnail_id":"305","thumbnail_src":"https:\/\/websitedemos.net\/t-shirts-store-07\/wp-content\/uploads\/sites\/1211\/2023\/03\/cat-women-300x300-1.jpg"}],"custom_logo":"https:\/\/websitedemos.net\/t-shirts-store-07\/wp-content\/uploads\/sites\/1211\/2023\/03\/logo-regular.png","nav_menu_locations":{"primary":"primary-menu","mobile_menu":"primary-menu","footer_menu":"primary-menu"},"show_on_front":"page","page_on_front":"Home","page_for_posts":"","_fl_builder_enabled_icons":null,"_fl_builder_enabled_modules":null,"_fl_builder_post_types":null,"_fl_builder_color_presets":null,"_fl_builder_services":null,"_fl_builder_settings":null,"_fl_builder_user_access":null,"_fl_builder_enabled_templates":null,"elementor_container_width":null,"elementor_cpt_support":null,"elementor_css_print_method":null,"elementor_default_generic_fonts":null,"elementor_disable_color_schemes":null,"elementor_disable_typography_schemes":null,"elementor_editor_break_lines":null,"elementor_exclude_user_roles":null,"elementor_global_image_lightbox":null,"elementor_page_title_selector":null,"elementor_scheme_color":null,"elementor_scheme_color-picker]":null,"elementor_scheme_typography":null,"elementor_space_between_widgets":null,"elementor_stretched_section_container":null,"elementor_load_fa4_shim":null,"elementor_active_kit":null,"elementor_experiment-container":null,"elementor_install_history":{"3.29.1":1749212244},"woocommerce_shop_page_title":"Shop","woocommerce_cart_page_title":"Cart","woocommerce_checkout_page_title":"Checkout","woocommerce_myaccount_page_title":"My account","woocommerce_edit_address_page_title":"","woocommerce_view_order_page_title":"","woocommerce_change_password_page_title":"","woocommerce_logout_page_title":"","woocommerce_enable_guest_checkout":"yes","woocommerce_enable_checkout_login_reminder":"no","woocommerce_enable_signup_and_login_from_checkout":"no","woocommerce_enable_myaccount_registration":"no","woocommerce_registration_generate_username":"yes","edd_settings":null,"wpforms_settings":{"lite-connect-enabled":false,"disable-css":"2","global-assets":false,"gdpr":false,"modern-markup":"0","modern-markup-is-set":true},"learndash_settings_theme_ld30":null,"learndash_settings_courses_themes":null,"srfm_general_settings_options":null,"get_default_dynamic_block_option":null,"srfm_default_dynamic_block_option":{"srfm_url_block_required_text":"This field is required.","srfm_input_block_required_text":"This field is required.","srfm_input_block_unique_text":"Value needs to be unique.","srfm_address_block_required_text":"This field is required.","srfm_phone_block_required_text":"This field is required.","srfm_phone_block_unique_text":"Value needs to be unique.","srfm_number_block_required_text":"This field is required.","srfm_textarea_block_required_text":"This field is required.","srfm_multi_choice_block_required_text":"This field is required.","srfm_checkbox_block_required_text":"This field is required.","srfm_gdpr_block_required_text":"This field is required.","srfm_email_block_required_text":"This field is required.","srfm_email_block_unique_text":"Value needs to be unique.","srfm_dropdown_block_required_text":"This field is required.","srfm_rating_block_required_text":"This field is required.","srfm_valid_phone_number":"Please enter a valid phone number.","srfm_valid_url":"Please enter a valid URL.","srfm_confirm_email_same":"Confirmation email does not match.","srfm_valid_email":"Please enter a valid email address.","srfm_input_min_value":"Minimum value is %s","srfm_input_max_value":"Maximum value is %s","srfm_dropdown_min_selections":"Minimum %s selections are required","srfm_dropdown_max_selections":"Maximum %s selections are allowed","srfm_multi_choice_min_selections":"Minimum %s selections are required","srfm_multi_choice_max_selections":"Maximum %s selections are allowed"},"srfm_email_summary_settings_options":null,"srfm_security_settings_options":null,"cfvsw_global":null,"cfvsw_shop":null,"cfvsw_style":null,"astra-color-palettes":{"currentPalette":"palette_1","palettes":{"palette_1":["#000000","#000000","#000000","rgba(0,0,0,0.6)","#faedeb","#FFFFFF","rgba(224,214,213,0.48)","#000000","#000000"],"palette_2":["#0170B9","#3a3a3a","#3a3a3a","#4B4F58","#F5F5F5","#FFFFFF","#F2F5F7","#424242","#000000"],"palette_3":["#0170B9","#3a3a3a","#3a3a3a","#4B4F58","#F5F5F5","#FFFFFF","#F2F5F7","#424242","#000000"],"palette_4":["#0085FF","#0177E3","#FFFFFF","#E7F6FF","#212A37","#0F172A","#4F5B62","#070614","#222222"]},"flag":true,"presets":{"Oak":["#0067FF","#005EE9","#0F172A","#364151","#E7F6FF","#FFFFFF","#D1DAE5","#070614","#222222"],"Viola":["#6528F7","#5511F8","#0F172A","#454F5E","#F2F0FE","#FFFFFF","#D8D8F5","#0D0614","#222222"],"Cedar":["#DD183B","#CC1939","#0F172A","#3A3A3A","#FFEDE6","#FFFFFF","#FFD1BF","#140609","#222222"],"Willow":["#54B435","#379237","#0F172A","#2F3B40","#EDFBE2","#FFFFFF","#D5EAD8","#0C1406","#222222"],"Lily":["#DCA54A","#D09A40","#0F172A","#4A4A4A","#FAF5E5","#FFFFFF","#F0E6C5","#141004","#222222"],"Rose":["#FB5FAB","#EA559D","#0F172A","#454F5E","#FCEEF5","#FFFFFF","#FAD8E9","#140610","#222222"],"Sage":["#1B9C85","#178E79","#0F172A","#454F5E","#EDF6EE","#FFFFFF","#D4F3D7","#06140C","#222222"],"Flare":["#FD9800","#E98C00","#0F172A","#454F5E","#FEF9E1","#FFFFFF","#F9F0C8","#141006","#222222"],"Maple":["#FF6210","#F15808","#1C0D0A","#353535","#FEF1E4","#FFFFFF","#E5D7D1","#140B06","#222222"],"Birch":["#737880","#65696F","#151616","#393C40","#F6F6F6","#FFFFFF","#F1F0F0","#232529","#222222"],"Dark":["#0085FF","#0177E3","#FFFFFF","#E7F6FF","#212A37","#0F172A","#4F5B62","#070614","#222222"]}},"astra-typography-presets":""}}
[13:55:02 UTC] [INFO] Starting site options import | Context: {"options_count":62}
[13:55:02 UTC] [INFO] Old site options backed up
[13:55:02 UTC] [INFO] Processing option | Context: {"option_name":"woocommerce_product_attributes"}
[13:55:02 UTC] [INFO] Updating standard option | Context: {"option_name":"woocommerce_product_attributes"}
[13:55:02 UTC] [INFO] Processing option | Context: {"option_name":"woocommerce_product_cat_list"}
[13:55:02 UTC] [INFO] Updating standard option | Context: {"option_name":"woocommerce_product_cat_list"}
[13:55:02 UTC] [INFO] Processing option | Context: {"option_name":"woocommerce_product_cat"}
[13:55:02 UTC] [INFO] Updating standard option | Context: {"option_name":"woocommerce_product_cat"}
[13:55:02 UTC] [INFO] Processing option | Context: {"option_name":"custom_logo"}
[13:55:02 UTC] [INFO] Importing custom logo | Context: {"logo_id":"https:\/\/websitedemos.net\/t-shirts-store-07\/wp-content\/uploads\/sites\/1211\/2023\/03\/logo-regular.png"}
[13:55:02 UTC] [INFO] info | Context: {"url":"https:\/\/websitedemos.net\/t-shirts-store-07\/wp-content\/uploads\/sites\/1211\/2023\/03\/logo-regular.png"}
[13:55:02 UTC] [INFO] info | Context: {"url":"https:\/\/websitedemos.net\/t-shirts-store-07\/wp-content\/uploads\/sites\/1211\/2023\/03\/logo-regular.png","sha1":"e648e5ac7663a03b98826b9678ba07dea670bbc4"}
[13:55:02 UTC] [INFO] info | Context: {"url":"https:\/\/websitedemos.net\/t-shirts-store-07\/wp-content\/uploads\/sites\/1211\/2023\/03\/logo-regular.png","sha1":"e648e5ac7663a03b98826b9678ba07dea670bbc4"}
[13:55:02 UTC] [INFO] success | Context: {"url":"https:\/\/websitedemos.net\/t-shirts-store-07\/wp-content\/uploads\/sites\/1211\/2023\/03\/logo-regular.png","attachment_id":"83","attachment_url":"https:\/\/shop.kvadradoc.com\/wp-content\/uploads\/2023\/03\/logo-regular.png"}
[13:55:02 UTC] [INFO] success | Context: {"url":"https:\/\/websitedemos.net\/t-shirts-store-07\/wp-content\/uploads\/sites\/1211\/2023\/03\/logo-regular.png","attachment_id":"83"}
[13:55:02 UTC] [INFO] success | Context: {"url":"https:\/\/websitedemos.net\/t-shirts-store-07\/wp-content\/uploads\/sites\/1211\/2023\/03\/logo-regular.png","attachment_id":"83","logo_url":"https:\/\/shop.kvadradoc.com\/wp-content\/uploads\/2023\/03\/logo-regular.png"}
[13:55:02 UTC] [INFO] Processing option | Context: {"option_name":"nav_menu_locations"}
[13:55:02 UTC] [INFO] Setting navigation menu locations | Context: {"menu_count":3}
[13:55:02 UTC] [INFO] info | Context: {"total_locations":3}
[13:55:02 UTC] [INFO] info | Context: {"location":"primary","slug":"primary-menu","menu_id":21}
[13:55:02 UTC] [INFO] info | Context: {"location":"mobile_menu","slug":"primary-menu","menu_id":21}
[13:55:02 UTC] [INFO] info | Context: {"location":"footer_menu","slug":"primary-menu","menu_id":21}
[13:55:02 UTC] [INFO] success | Context: {"successful_mappings":3,"failed_locations":[],"total_locations":3}
[13:55:02 UTC] [INFO] Processing option | Context: {"option_name":"show_on_front"}
[13:55:02 UTC] [INFO] Updating standard option | Context: {"option_name":"show_on_front"}
[13:55:02 UTC] [INFO] Processing option | Context: {"option_name":"page_on_front"}
[13:55:02 UTC] [INFO] Updating page ID option | Context: {"option_name":"page_on_front","option_value":"Home"}
[13:55:02 UTC] [INFO] info | Context: {"option_name":"page_on_front","option_value":"Home"}
[13:55:02 UTC] [INFO] success | Context: {"option_name":"page_on_front","page_title":"Home","page_id":102}
[13:55:02 UTC] [INFO] Processing option | Context: {"option_name":"page_for_posts"}
[13:55:02 UTC] [INFO] Updating page ID option | Context: {"option_name":"page_for_posts","option_value":""}
[13:55:02 UTC] [INFO] warning | Context: {"option_name":"page_for_posts"}
[13:55:02 UTC] [INFO] Option value is null, skipping | Context: {"option_name":"_fl_builder_enabled_icons"}
[13:55:02 UTC] [INFO] Option value is null, skipping | Context: {"option_name":"_fl_builder_enabled_modules"}
[13:55:02 UTC] [INFO] Option value is null, skipping | Context: {"option_name":"_fl_builder_post_types"}
[13:55:02 UTC] [INFO] Option value is null, skipping | Context: {"option_name":"_fl_builder_color_presets"}
[13:55:02 UTC] [INFO] Option value is null, skipping | Context: {"option_name":"_fl_builder_services"}
[13:55:02 UTC] [INFO] Option value is null, skipping | Context: {"option_name":"_fl_builder_settings"}
[13:55:02 UTC] [INFO] Option value is null, skipping | Context: {"option_name":"_fl_builder_user_access"}
[13:55:02 UTC] [INFO] Option value is null, skipping | Context: {"option_name":"_fl_builder_enabled_templates"}
[13:55:02 UTC] [INFO] Option value is null, skipping | Context: {"option_name":"elementor_container_width"}
[13:55:02 UTC] [INFO] Option value is null, skipping | Context: {"option_name":"elementor_cpt_support"}
[13:55:02 UTC] [INFO] Option value is null, skipping | Context: {"option_name":"elementor_css_print_method"}
[13:55:02 UTC] [INFO] Option value is null, skipping | Context: {"option_name":"elementor_default_generic_fonts"}
[13:55:02 UTC] [INFO] Option value is null, skipping | Context: {"option_name":"elementor_disable_color_schemes"}
[13:55:02 UTC] [INFO] Option value is null, skipping | Context: {"option_name":"elementor_disable_typography_schemes"}
[13:55:02 UTC] [INFO] Option value is null, skipping | Context: {"option_name":"elementor_editor_break_lines"}
[13:55:02 UTC] [INFO] Option value is null, skipping | Context: {"option_name":"elementor_exclude_user_roles"}
[13:55:02 UTC] [INFO] Option value is null, skipping | Context: {"option_name":"elementor_global_image_lightbox"}
[13:55:02 UTC] [INFO] Option value is null, skipping | Context: {"option_name":"elementor_page_title_selector"}
[13:55:02 UTC] [INFO] Option value is null, skipping | Context: {"option_name":"elementor_scheme_color"}
[13:55:02 UTC] [INFO] Option value is null, skipping | Context: {"option_name":"elementor_scheme_color-picker]"}
[13:55:02 UTC] [INFO] Option value is null, skipping | Context: {"option_name":"elementor_scheme_typography"}
[13:55:02 UTC] [INFO] Option value is null, skipping | Context: {"option_name":"elementor_space_between_widgets"}
[13:55:02 UTC] [INFO] Option value is null, skipping | Context: {"option_name":"elementor_stretched_section_container"}
[13:55:02 UTC] [INFO] Option value is null, skipping | Context: {"option_name":"elementor_load_fa4_shim"}
[13:55:02 UTC] [INFO] Option value is null, skipping | Context: {"option_name":"elementor_active_kit"}
[13:55:02 UTC] [INFO] Option value is null, skipping | Context: {"option_name":"elementor_experiment-container"}
[13:55:02 UTC] [INFO] Processing option | Context: {"option_name":"elementor_install_history"}
[13:55:02 UTC] [INFO] Updating standard option | Context: {"option_name":"elementor_install_history"}
[13:55:02 UTC] [INFO] Processing option | Context: {"option_name":"woocommerce_shop_page_title"}
[13:55:02 UTC] [INFO] Updating standard option | Context: {"option_name":"woocommerce_shop_page_title"}
[13:55:02 UTC] [INFO] Processing option | Context: {"option_name":"woocommerce_cart_page_title"}
[13:55:02 UTC] [INFO] Updating standard option | Context: {"option_name":"woocommerce_cart_page_title"}
[13:55:02 UTC] [INFO] Processing option | Context: {"option_name":"woocommerce_checkout_page_title"}
[13:55:02 UTC] [INFO] Updating standard option | Context: {"option_name":"woocommerce_checkout_page_title"}
[13:55:02 UTC] [INFO] Processing option | Context: {"option_name":"woocommerce_myaccount_page_title"}
[13:55:02 UTC] [INFO] Updating standard option | Context: {"option_name":"woocommerce_myaccount_page_title"}
[13:55:02 UTC] [INFO] Processing option | Context: {"option_name":"woocommerce_edit_address_page_title"}
[13:55:02 UTC] [INFO] Updating standard option | Context: {"option_name":"woocommerce_edit_address_page_title"}
[13:55:02 UTC] [INFO] Processing option | Context: {"option_name":"woocommerce_view_order_page_title"}
[13:55:02 UTC] [INFO] Updating standard option | Context: {"option_name":"woocommerce_view_order_page_title"}
[13:55:02 UTC] [INFO] Processing option | Context: {"option_name":"woocommerce_change_password_page_title"}
[13:55:02 UTC] [INFO] Updating standard option | Context: {"option_name":"woocommerce_change_password_page_title"}
[13:55:02 UTC] [INFO] Processing option | Context: {"option_name":"woocommerce_logout_page_title"}
[13:55:02 UTC] [INFO] Updating standard option | Context: {"option_name":"woocommerce_logout_page_title"}
[13:55:02 UTC] [INFO] Processing option | Context: {"option_name":"woocommerce_enable_guest_checkout"}
[13:55:02 UTC] [INFO] Updating standard option | Context: {"option_name":"woocommerce_enable_guest_checkout"}
[13:55:02 UTC] [INFO] Processing option | Context: {"option_name":"woocommerce_enable_checkout_login_reminder"}
[13:55:02 UTC] [INFO] Updating standard option | Context: {"option_name":"woocommerce_enable_checkout_login_reminder"}
[13:55:02 UTC] [INFO] Processing option | Context: {"option_name":"woocommerce_enable_signup_and_login_from_checkout"}
[13:55:02 UTC] [INFO] Updating standard option | Context: {"option_name":"woocommerce_enable_signup_and_login_from_checkout"}
[13:55:02 UTC] [INFO] Processing option | Context: {"option_name":"woocommerce_enable_myaccount_registration"}
[13:55:02 UTC] [INFO] Updating standard option | Context: {"option_name":"woocommerce_enable_myaccount_registration"}
[13:55:02 UTC] [INFO] Processing option | Context: {"option_name":"woocommerce_registration_generate_username"}
[13:55:02 UTC] [INFO] Updating standard option | Context: {"option_name":"woocommerce_registration_generate_username"}
[13:55:02 UTC] [INFO] Option value is null, skipping | Context: {"option_name":"edd_settings"}
[13:55:02 UTC] [INFO] Processing option | Context: {"option_name":"wpforms_settings"}
[13:55:02 UTC] [INFO] Updating standard option | Context: {"option_name":"wpforms_settings"}
[13:55:02 UTC] [INFO] Option value is null, skipping | Context: {"option_name":"learndash_settings_theme_ld30"}
[13:55:02 UTC] [INFO] Option value is null, skipping | Context: {"option_name":"learndash_settings_courses_themes"}
[13:55:02 UTC] [INFO] Option value is null, skipping | Context: {"option_name":"srfm_general_settings_options"}
[13:55:02 UTC] [INFO] Option value is null, skipping | Context: {"option_name":"get_default_dynamic_block_option"}
[13:55:02 UTC] [INFO] Processing option | Context: {"option_name":"srfm_default_dynamic_block_option"}
[13:55:02 UTC] [INFO] Updating standard option | Context: {"option_name":"srfm_default_dynamic_block_option"}
[13:55:02 UTC] [INFO] Option value is null, skipping | Context: {"option_name":"srfm_email_summary_settings_options"}
[13:55:02 UTC] [INFO] Option value is null, skipping | Context: {"option_name":"srfm_security_settings_options"}
[13:55:02 UTC] [INFO] Option value is null, skipping | Context: {"option_name":"cfvsw_global"}
[13:55:02 UTC] [INFO] Option value is null, skipping | Context: {"option_name":"cfvsw_shop"}
[13:55:02 UTC] [INFO] Option value is null, skipping | Context: {"option_name":"cfvsw_style"}
[13:55:02 UTC] [INFO] Processing option | Context: {"option_name":"astra-color-palettes"}
[13:55:02 UTC] [INFO] Updating standard option | Context: {"option_name":"astra-color-palettes"}
[13:55:02 UTC] [INFO] Processing option | Context: {"option_name":"astra-typography-presets"}
[13:55:02 UTC] [INFO] Updating standard option | Context: {"option_name":"astra-typography-presets"}
[13:55:02 UTC] [INFO] Running st_importer_import_site_options action
[13:55:02 UTC] [INFO] Processing site options import - Total options: 62
[13:55:02 UTC] [INFO] Updated option: woocommerce_product_attributes | Context: {"id:1":{"attribute_id":"1","attribute_name":"color","attribute_label":"Color","attribute_type":"select","attribute_orderby":"menu_order","attribute_public":0}}
[13:55:02 UTC] [INFO] Updated option: woocommerce_product_cat_list | Context: {"28":{"term_id":28,"name":"Uncategorized","slug":"uncategorized","description":""},"144":{"term_id":144,"name":"Men","slug":"men","description":""},"29":{"term_id":29,"name":"Women","slug":"women","description":""}}
[13:55:02 UTC] [INFO] Processing WooCommerce product categories - Total: 3
[13:55:02 UTC] [INFO] Starting image import for URL: https://websitedemos.net/t-shirts-store-07/wp-content/uploads/sites/1211/2023/03/cat-men-300x300-1.jpg
[13:55:02 UTC] [INFO] Image already exists in media library (ID: 304), skipping download
[13:55:02 UTC] [INFO] Starting image import for URL: https://websitedemos.net/t-shirts-store-07/wp-content/uploads/sites/1211/2023/03/cat-women-300x300-1.jpg
[13:55:02 UTC] [INFO] Image already exists in media library (ID: 305), skipping download
[13:55:02 UTC] [SUCCESS] WooCommerce product categories processed successfully
[13:55:02 UTC] [INFO] Inserting custom logo from URL: https://websitedemos.net/t-shirts-store-07/wp-content/uploads/sites/1211/2023/03/logo-regular.png
[13:55:02 UTC] [INFO] Starting image import for URL: https://websitedemos.net/t-shirts-store-07/wp-content/uploads/sites/1211/2023/03/logo-regular.png
[13:55:02 UTC] [INFO] Image already exists in media library (ID: 83), skipping download
[13:55:02 UTC] [SUCCESS] Custom logo set successfully - ID: 83
[13:55:02 UTC] [INFO] Setting nav menu locations - Total menus: 3
[13:55:02 UTC] [INFO] Menu location 'primary' set to term ID: 21
[13:55:02 UTC] [INFO] Menu location 'mobile_menu' set to term ID: 21
[13:55:02 UTC] [INFO] Menu location 'footer_menu' set to term ID: 21
[13:55:02 UTC] [SUCCESS] Nav menu locations updated successfully
[13:55:02 UTC] [INFO] Updated option: show_on_front | Context: "page"
[13:55:02 UTC] [INFO] Updating page ID for option: page_on_front with value: Home
[13:55:02 UTC] [INFO] Page ID updated for page_on_front: 102
[13:55:02 UTC] [INFO] Updating page ID for option: page_for_posts with value: 
[13:55:02 UTC] [INFO] Updated option: elementor_install_history | Context: {"3.29.1":1749212244}
[13:55:02 UTC] [INFO] Updating WooCommerce page ID for option: woocommerce_shop_page_title with value: Shop
[13:55:02 UTC] [INFO] Updating page ID for option: woocommerce_shop_page_id with value: Shop
[13:55:02 UTC] [INFO] Page ID updated for woocommerce_shop_page_id: 1514
[13:55:02 UTC] [INFO] Updating WooCommerce page ID for option: woocommerce_cart_page_title with value: Cart
[13:55:02 UTC] [INFO] Updating page ID for option: woocommerce_cart_page_id with value: Cart
[13:55:02 UTC] [INFO] Page ID updated for woocommerce_cart_page_id: 1515
[13:55:02 UTC] [INFO] Updating WooCommerce page ID for option: woocommerce_checkout_page_title with value: Checkout
[13:55:02 UTC] [INFO] Updating page ID for option: woocommerce_checkout_page_id with value: Checkout
[13:55:02 UTC] [INFO] Page ID updated for woocommerce_checkout_page_id: 1516
[13:55:02 UTC] [INFO] Updating WooCommerce page ID for option: woocommerce_myaccount_page_title with value: My account
[13:55:02 UTC] [INFO] Updating page ID for option: woocommerce_myaccount_page_id with value: My account
[13:55:02 UTC] [INFO] Page ID updated for woocommerce_myaccount_page_id: 1517
[13:55:02 UTC] [INFO] Updating WooCommerce page ID for option: woocommerce_edit_address_page_title with value: 
[13:55:02 UTC] [INFO] Updating page ID for option: woocommerce_edit_address_page_id with value: 
[13:55:02 UTC] [INFO] Updating WooCommerce page ID for option: woocommerce_view_order_page_title with value: 
[13:55:02 UTC] [INFO] Updating page ID for option: woocommerce_view_order_page_id with value: 
[13:55:02 UTC] [INFO] Updating WooCommerce page ID for option: woocommerce_change_password_page_title with value: 
[13:55:02 UTC] [INFO] Updating page ID for option: woocommerce_change_password_page_id with value: 
[13:55:02 UTC] [INFO] Updating WooCommerce page ID for option: woocommerce_logout_page_title with value: 
[13:55:02 UTC] [INFO] Updating page ID for option: woocommerce_logout_page_id with value: 
[13:55:02 UTC] [INFO] Updated option: woocommerce_enable_guest_checkout | Context: "yes"
[13:55:02 UTC] [INFO] Updated option: woocommerce_enable_checkout_login_reminder | Context: "no"
[13:55:02 UTC] [INFO] Updated option: woocommerce_enable_signup_and_login_from_checkout | Context: "no"
[13:55:02 UTC] [INFO] Updated option: woocommerce_enable_myaccount_registration | Context: "no"
[13:55:02 UTC] [INFO] Updated option: woocommerce_registration_generate_username | Context: "yes"
[13:55:02 UTC] [INFO] Updated option: wpforms_settings | Context: {"lite-connect-enabled":false,"disable-css":"2","global-assets":false,"gdpr":false,"modern-markup":"0","modern-markup-is-set":true}
[13:55:02 UTC] [INFO] Updated option: srfm_default_dynamic_block_option | Context: {"srfm_url_block_required_text":"This field is required.","srfm_input_block_required_text":"This field is required.","srfm_input_block_unique_text":"Value needs to be unique.","srfm_address_block_required_text":"This field is required.","srfm_phone_block_required_text":"This field is required.","srfm_phone_block_unique_text":"Value needs to be unique.","srfm_number_block_required_text":"This field is required.","srfm_textarea_block_required_text":"This field is required.","srfm_multi_choice_block_required_text":"This field is required.","srfm_checkbox_block_required_text":"This field is required.","srfm_gdpr_block_required_text":"This field is required.","srfm_email_block_required_text":"This field is required.","srfm_email_block_unique_text":"Value needs to be unique.","srfm_dropdown_block_required_text":"This field is required.","srfm_rating_block_required_text":"This field is required.","srfm_valid_phone_number":"Please enter a valid phone number.","srfm_valid_url":"Please enter a valid URL.","srfm_confirm_email_same":"Confirmation email does not match.","srfm_valid_email":"Please enter a valid email address.","srfm_input_min_value":"Minimum value is %s","srfm_input_max_value":"Maximum value is %s","srfm_dropdown_min_selections":"Minimum %s selections are required","srfm_dropdown_max_selections":"Maximum %s selections are allowed","srfm_multi_choice_min_selections":"Minimum %s selections are required","srfm_multi_choice_max_selections":"Maximum %s selections are allowed"}
[13:55:02 UTC] [INFO] Updated option: astra-color-palettes | Context: {"currentPalette":"palette_1","palettes":{"palette_1":["#000000","#000000","#000000","rgba(0,0,0,0.6)","#faedeb","#FFFFFF","rgba(224,214,213,0.48)","#000000","#000000"],"palette_2":["#0170B9","#3a3a3a","#3a3a3a","#4B4F58","#F5F5F5","#FFFFFF","#F2F5F7","#424242","#000000"],"palette_3":["#0170B9","#3a3a3a","#3a3a3a","#4B4F58","#F5F5F5","#FFFFFF","#F2F5F7","#424242","#000000"],"palette_4":["#0085FF","#0177E3","#FFFFFF","#E7F6FF","#212A37","#0F172A","#4F5B62","#070614","#222222"]},"flag":true,"presets":{"Oak":["#0067FF","#005EE9","#0F172A","#364151","#E7F6FF","#FFFFFF","#D1DAE5","#070614","#222222"],"Viola":["#6528F7","#5511F8","#0F172A","#454F5E","#F2F0FE","#FFFFFF","#D8D8F5","#0D0614","#222222"],"Cedar":["#DD183B","#CC1939","#0F172A","#3A3A3A","#FFEDE6","#FFFFFF","#FFD1BF","#140609","#222222"],"Willow":["#54B435","#379237","#0F172A","#2F3B40","#EDFBE2","#FFFFFF","#D5EAD8","#0C1406","#222222"],"Lily":["#DCA54A","#D09A40","#0F172A","#4A4A4A","#FAF5E5","#FFFFFF","#F0E6C5","#141004","#222222"],"Rose":["#FB5FAB","#EA559D","#0F172A","#454F5E","#FCEEF5","#FFFFFF","#FAD8E9","#140610","#222222"],"Sage":["#1B9C85","#178E79","#0F172A","#454F5E","#EDF6EE","#FFFFFF","#D4F3D7","#06140C","#222222"],"Flare":["#FD9800","#E98C00","#0F172A","#454F5E","#FEF9E1","#FFFFFF","#F9F0C8","#141006","#222222"],"Maple":["#FF6210","#F15808","#1C0D0A","#353535","#FEF1E4","#FFFFFF","#E5D7D1","#140B06","#222222"],"Birch":["#737880","#65696F","#151616","#393C40","#F6F6F6","#FFFFFF","#F1F0F0","#232529","#222222"],"Dark":["#0085FF","#0177E3","#FFFFFF","#E7F6FF","#212A37","#0F172A","#4F5B62","#070614","#222222"]}}
[13:55:02 UTC] [INFO] Updated option: astra-typography-presets
[13:55:02 UTC] [SUCCESS] Classic templates options import completed successfully
[13:55:02 UTC] [SUCCESS] Site options import completed successfully | Context: {"processed_count":26,"skipped_count":36,"total_count":62}
[13:55:02 UTC] [SUCCESS] Site options Imported!
[13:55:02 UTC] [INFO] Importing widgets
[13:55:02 UTC] [INFO] Starting widgets import
[13:55:02 UTC] [INFO] Processing widget data | Context: {"data_type":"object","widgets_data_type":"object"}
[13:55:02 UTC] [INFO] Using data parameter as widget object
[13:55:02 UTC] [INFO] Importing widget data via ST_Widget_Importer
[13:55:02 UTC] [INFO] Starting widget import process
[13:55:02 UTC] [INFO] Checking available widgets | Context: {"widget_control_count":23}
[13:55:02 UTC] [INFO] Widget availability check completed | Context: {"available_widget_count":19,"available_widgets":["pages","calendar","archives","media_audio","media_image","media_gallery","media_video","meta","search","text","categories","recent-posts","recent-comments","rss","tag_cloud","nav_menu","custom_html","block","wpforms-widget"]}
[13:55:02 UTC] [INFO] Loaded widget configuration | Context: {"available_widget_types":19,"sidebar_count":11}
[13:55:02 UTC] [INFO] Processing sidebars from import data | Context: {"sidebar_count_in_data":2}
[13:55:02 UTC] [INFO] Processing sidebar: sidebar-1 | Context: {"sidebar_name":"Main Sidebar","widget_count":5,"availability":"available"}
[13:55:02 UTC] [INFO] Processing widget: block-2 | Context: {"widget_type":"block","instance_id":"2","sidebar_id":"sidebar-1"}
[13:55:02 UTC] [INFO] Widget data formatted and saved: block | Context: {"widget_type":"block","instance_count":7,"update_result":true}
[13:55:02 UTC] [SUCCESS] Widget imported successfully: block-7 | Context: {"widget_type":"block","new_instance_id":"block-7","sidebar_id":"sidebar-1","widget_title":"No Title"}
[13:55:02 UTC] [INFO] Processing widget: block-3 | Context: {"widget_type":"block","instance_id":"3","sidebar_id":"sidebar-1"}
[13:55:02 UTC] [INFO] Widget data formatted and saved: block | Context: {"widget_type":"block","instance_count":8,"update_result":true}
[13:55:02 UTC] [SUCCESS] Widget imported successfully: block-8 | Context: {"widget_type":"block","new_instance_id":"block-8","sidebar_id":"sidebar-1","widget_title":"No Title"}
[13:55:02 UTC] [INFO] Processing widget: block-4 | Context: {"widget_type":"block","instance_id":"4","sidebar_id":"sidebar-1"}
[13:55:02 UTC] [INFO] Widget data formatted and saved: block | Context: {"widget_type":"block","instance_count":9,"update_result":true}
[13:55:02 UTC] [SUCCESS] Widget imported successfully: block-9 | Context: {"widget_type":"block","new_instance_id":"block-9","sidebar_id":"sidebar-1","widget_title":"No Title"}
[13:55:02 UTC] [INFO] Processing widget: block-5 | Context: {"widget_type":"block","instance_id":"5","sidebar_id":"sidebar-1"}
[13:55:02 UTC] [INFO] Widget data formatted and saved: block | Context: {"widget_type":"block","instance_count":10,"update_result":true}
[13:55:02 UTC] [SUCCESS] Widget imported successfully: block-10 | Context: {"widget_type":"block","new_instance_id":"block-10","sidebar_id":"sidebar-1","widget_title":"No Title"}
[13:55:02 UTC] [INFO] Processing widget: block-6 | Context: {"widget_type":"block","instance_id":"6","sidebar_id":"sidebar-1"}
[13:55:02 UTC] [INFO] Widget data formatted and saved: block | Context: {"widget_type":"block","instance_count":11,"update_result":true}
[13:55:02 UTC] [SUCCESS] Widget imported successfully: block-11 | Context: {"widget_type":"block","new_instance_id":"block-11","sidebar_id":"sidebar-1","widget_title":"No Title"}
[13:55:02 UTC] [INFO] Processing sidebar: footer-widget-1 | Context: {"sidebar_name":"Footer Bar Section 1","widget_count":2,"availability":"available"}
[13:55:02 UTC] [INFO] Processing widget: block-10 | Context: {"widget_type":"block","instance_id":"10","sidebar_id":"footer-widget-1"}
[13:55:02 UTC] [INFO] Widget data formatted and saved: block | Context: {"widget_type":"block","instance_count":12,"update_result":true}
[13:55:02 UTC] [SUCCESS] Widget imported successfully: block-12 | Context: {"widget_type":"block","new_instance_id":"block-12","sidebar_id":"footer-widget-1","widget_title":"No Title"}
[13:55:02 UTC] [INFO] Processing widget: block-44 | Context: {"widget_type":"block","instance_id":"44","sidebar_id":"footer-widget-1"}
[13:55:02 UTC] [INFO] Widget data formatted and saved: block | Context: {"widget_type":"block","instance_count":13,"update_result":true}
[13:55:02 UTC] [SUCCESS] Widget imported successfully: block-13 | Context: {"widget_type":"block","new_instance_id":"block-13","sidebar_id":"footer-widget-1","widget_title":"No Title"}
[13:55:02 UTC] [INFO] Widget import process completed | Context: {"total_sidebars_processed":2,"successful_imports":7,"warnings":0,"errors":0,"total_widgets_processed":7}
[13:55:02 UTC] [INFO] Retrieving current sidebars and widgets
[13:55:02 UTC] [INFO] Backing up old widgets data | Context: {"sidebars_count":4}
[13:55:02 UTC] [SUCCESS] Widgets import completed successfully
[13:55:02 UTC] [SUCCESS] Widget Imported!
[13:55:03 UTC] [INFO] Finalizing import process
[13:55:03 UTC] [INFO] Setting permalink structure to post name
[13:55:03 UTC] [INFO] Executing import complete actions
[13:55:03 UTC] [INFO] Batch processing started
[13:55:03 UTC] [INFO] Batch processing queue created | Context: {"total_classes":4,"attachment_count":0,"has_images":false}
[13:55:03 UTC] [INFO] Starting batch class: STImporter\Importer\Batch\ST_Batch_Processing_Gutenberg
[13:55:03 UTC] [INFO] Gutenberg batch processing started
[13:55:03 UTC] [INFO] Gutenberg posts retrieved for processing | Context: {"post_count":8,"post_types":"page, post, wp_block, wp_template, wp_navigation, wp_template_part, wp_global_styles, sc_form, spectra-popup, sfwd-courses, sfwd-lessons, sfwd-topic, sfwd-quiz, sfwd-certificates, sfwd-assignment"}
[13:55:03 UTC] [INFO] Processing Gutenberg post | Context: {"post_id":94}
[13:55:03 UTC] [INFO] Updating post content (first pass) | Context: {"post_id":94}
[13:55:03 UTC] [INFO] Starting link extraction and replacement process
[13:55:03 UTC] [INFO] Links discovered in content | Context: {"total_links":0}
[13:55:03 UTC] [INFO] No links found in content, skipping replacement
[13:55:03 UTC] [INFO] Updating post content (second pass with link replacements) | Context: {"post_id":94}
[13:55:03 UTC] [SUCCESS] Successfully completed processing Gutenberg post | Context: {"post_id":94}
[13:55:03 UTC] [INFO] Processing Gutenberg post | Context: {"post_id":96}
[13:55:03 UTC] [INFO] Updating post content (first pass) | Context: {"post_id":96}
[13:55:03 UTC] [INFO] Starting link extraction and replacement process
[13:55:03 UTC] [INFO] Links discovered in content | Context: {"total_links":14}
[13:55:04 UTC] [INFO] Downloading images through ST_Image_Importer | Context: {"image_count":8}
[13:55:04 UTC] [INFO] Starting image import for URL: https://websitedemos.net/t-shirts-store-07/wp-content/uploads/sites/1211/2023/03/bg-02.jpg
[13:55:04 UTC] [INFO] Image already exists in media library (ID: 325), skipping download
[13:55:04 UTC] [INFO] Starting image import for URL: https://websitedemos.net/t-shirts-store-07/wp-includes/images/media/default.png
[13:55:04 UTC] [INFO] Downloading image from remote URL: https://websitedemos.net/t-shirts-store-07/wp-includes/images/media/default.png
[13:55:04 UTC] [INFO] Successfully downloaded image, preparing to upload: default.png
[13:55:04 UTC] [INFO] Image uploaded successfully: https://shop.kvadradoc.com/wp-content/uploads/2026/04/default.png
[13:55:04 UTC] [INFO] Attachment post created with ID: 1550
[13:55:04 UTC] [INFO] Generating attachment metadata for attachment ID: 1550
[13:55:04 UTC] [INFO] Attachment metadata generated and saved for attachment ID: 1550
[13:55:04 UTC] [INFO] Image import completed successfully - ID: 1550, URL: https://shop.kvadradoc.com/wp-content/uploads/2026/04/default.png
[13:55:04 UTC] [INFO] Starting image import for URL: https://websitedemos.net/t-shirts-store-07/wp-content/uploads/sites/1211/2023/03/bg-02-150x150.jpg
[13:55:04 UTC] [INFO] Image already exists in media library (ID: 325), skipping download
[13:55:04 UTC] [INFO] Starting image import for URL: https://websitedemos.net/t-shirts-store-07/wp-content/uploads/sites/1211/2023/03/bg-02-300x169.jpg
[13:55:04 UTC] [INFO] Image already exists in media library (ID: 325), skipping download
[13:55:04 UTC] [INFO] Starting image import for URL: https://websitedemos.net/t-shirts-store-07/wp-content/uploads/sites/1211/2023/03/bg-02-1024x576.jpg
[13:55:04 UTC] [INFO] Image already exists in media library (ID: 325), skipping download
[13:55:04 UTC] [INFO] Starting image import for URL: https://websitedemos.net/t-shirts-store-07/wp-content/uploads/sites/1211/2023/03/about-01.jpg
[13:55:04 UTC] [INFO] Image already exists in media library (ID: 347), skipping download
[13:55:04 UTC] [INFO] Starting image import for URL: https://websitedemos.net/t-shirts-store-07/wp-content/uploads/sites/1211/2023/03/about-01-150x150.jpg
[13:55:04 UTC] [INFO] Image already exists in media library (ID: 347), skipping download
[13:55:04 UTC] [INFO] Starting image import for URL: https://websitedemos.net/t-shirts-store-07/wp-content/uploads/sites/1211/2023/03/about-01-228x300.jpg
[13:55:04 UTC] [INFO] Image already exists in media library (ID: 347), skipping download
[13:55:04 UTC] [INFO] Starting link replacements in content | Context: {"replacements_count":14}
[13:55:04 UTC] [SUCCESS] Link replacement process completed | Context: {"total_replacements":14}
[13:55:04 UTC] [INFO] Updating post content (second pass with link replacements) | Context: {"post_id":96}
[13:55:04 UTC] [SUCCESS] Successfully completed processing Gutenberg post | Context: {"post_id":96}
[13:55:04 UTC] [INFO] Processing Gutenberg post | Context: {"post_id":100}
[13:55:04 UTC] [INFO] Updating post content (first pass) | Context: {"post_id":100}
[13:55:04 UTC] [INFO] Starting link extraction and replacement process
[13:55:04 UTC] [INFO] Links discovered in content | Context: {"total_links":1}
[13:55:04 UTC] [INFO] Starting link replacements in content | Context: {"replacements_count":1}
[13:55:04 UTC] [SUCCESS] Link replacement process completed | Context: {"total_replacements":1}
[13:55:04 UTC] [INFO] Updating post content (second pass with link replacements) | Context: {"post_id":100}
[13:55:04 UTC] [SUCCESS] Successfully completed processing Gutenberg post | Context: {"post_id":100}
[13:55:04 UTC] [INFO] Processing Gutenberg post | Context: {"post_id":102}
[13:55:04 UTC] [INFO] Updating post content (first pass) | Context: {"post_id":102}
[13:55:04 UTC] [INFO] Starting link extraction and replacement process
[13:55:04 UTC] [INFO] Links discovered in content | Context: {"total_links":18}
[13:55:04 UTC] [INFO] Downloading images through ST_Image_Importer | Context: {"image_count":12}
[13:55:04 UTC] [INFO] Starting image import for URL: https://websitedemos.net/t-shirts-store-07/wp-content/uploads/sites/1211/2023/03/hero-bg.png
[13:55:04 UTC] [INFO] Image already exists in media library (ID: 127), skipping download
[13:55:04 UTC] [INFO] Starting image import for URL: https://websitedemos.net/t-shirts-store-07/wp-includes/images/media/default.png
[13:55:04 UTC] [INFO] Image already exists in media library (ID: 1550), skipping download
[13:55:04 UTC] [INFO] Starting image import for URL: https://websitedemos.net/t-shirts-store-07/wp-content/uploads/sites/1211/2023/03/hero-bg-150x150.png
[13:55:04 UTC] [INFO] Image already exists in media library (ID: 127), skipping download
[13:55:04 UTC] [INFO] Starting image import for URL: https://websitedemos.net/t-shirts-store-07/wp-content/uploads/sites/1211/2023/03/hero-bg-300x288.png
[13:55:04 UTC] [INFO] Image already exists in media library (ID: 127), skipping download
[13:55:04 UTC] [INFO] Starting image import for URL: https://websitedemos.net/t-shirts-store-07/wp-content/uploads/sites/1211/2023/03/hero.png
[13:55:04 UTC] [INFO] Image already exists in media library (ID: 129), skipping download
[13:55:04 UTC] [INFO] Starting image import for URL: https://websitedemos.net/t-shirts-store-07/wp-content/uploads/sites/1211/2023/03/collection-02.jpg
[13:55:04 UTC] [INFO] Image already exists in media library (ID: 180), skipping download
[13:55:04 UTC] [INFO] Starting image import for URL: https://websitedemos.net/t-shirts-store-07/wp-content/uploads/sites/1211/2023/03/collection-01.jpg
[13:55:04 UTC] [INFO] Image already exists in media library (ID: 179), skipping download
[13:55:04 UTC] [INFO] Starting image import for URL: https://websitedemos.net/t-shirts-store-07/wp-content/uploads/sites/1211/2023/03/bg-01.jpg
[13:55:04 UTC] [INFO] Image already exists in media library (ID: 203), skipping download
[13:55:04 UTC] [INFO] Starting image import for URL: https://websitedemos.net/t-shirts-store-07/wp-content/uploads/sites/1211/2023/03/bg-01-150x150.jpg
[13:55:04 UTC] [INFO] Image already exists in media library (ID: 203), skipping download
[13:55:04 UTC] [INFO] Starting image import for URL: https://websitedemos.net/t-shirts-store-07/wp-content/uploads/sites/1211/2023/03/bg-01-300x169.jpg
[13:55:04 UTC] [INFO] Image already exists in media library (ID: 203), skipping download
[13:55:04 UTC] [INFO] Starting image import for URL: https://websitedemos.net/t-shirts-store-07/wp-content/uploads/sites/1211/2023/03/bg-01-1024x576.jpg
[13:55:04 UTC] [INFO] Image already exists in media library (ID: 203), skipping download
[13:55:04 UTC] [INFO] Starting image import for URL: https://websitedemos.net/t-shirts-store-07/wp-content/uploads/sites/1211/2023/03/collection-03.jpg
[13:55:04 UTC] [INFO] Image already exists in media library (ID: 237), skipping download
[13:55:04 UTC] [INFO] Starting link replacements in content | Context: {"replacements_count":18}
[13:55:04 UTC] [SUCCESS] Link replacement process completed | Context: {"total_replacements":18}
[13:55:04 UTC] [INFO] Updating post content (second pass with link replacements) | Context: {"post_id":102}
[13:55:04 UTC] [SUCCESS] Successfully completed processing Gutenberg post | Context: {"post_id":102}
[13:55:04 UTC] [INFO] Processing Gutenberg post | Context: {"post_id":1514}
[13:55:04 UTC] [INFO] Updating post content (first pass) | Context: {"post_id":1514}
[13:55:04 UTC] [INFO] Starting link extraction and replacement process
[13:55:04 UTC] [INFO] Links discovered in content | Context: {"total_links":0}
[13:55:04 UTC] [INFO] No links found in content, skipping replacement
[13:55:04 UTC] [INFO] Updating post content (second pass with link replacements) | Context: {"post_id":1514}
[13:55:04 UTC] [SUCCESS] Successfully completed processing Gutenberg post | Context: {"post_id":1514}
[13:55:04 UTC] [INFO] Processing Gutenberg post | Context: {"post_id":1515}
[13:55:04 UTC] [INFO] Updating post content (first pass) | Context: {"post_id":1515}
[13:55:04 UTC] [INFO] Starting link extraction and replacement process
[13:55:04 UTC] [INFO] Links discovered in content | Context: {"total_links":0}
[13:55:04 UTC] [INFO] No links found in content, skipping replacement
[13:55:04 UTC] [INFO] Updating post content (second pass with link replacements) | Context: {"post_id":1515}
[13:55:04 UTC] [SUCCESS] Successfully completed processing Gutenberg post | Context: {"post_id":1515}
[13:55:04 UTC] [INFO] Processing Gutenberg post | Context: {"post_id":1516}
[13:55:04 UTC] [INFO] Updating post content (first pass) | Context: {"post_id":1516}
[13:55:04 UTC] [INFO] Starting link extraction and replacement process
[13:55:04 UTC] [INFO] Links discovered in content | Context: {"total_links":0}
[13:55:04 UTC] [INFO] No links found in content, skipping replacement
[13:55:04 UTC] [INFO] Updating post content (second pass with link replacements) | Context: {"post_id":1516}
[13:55:04 UTC] [SUCCESS] Successfully completed processing Gutenberg post | Context: {"post_id":1516}
[13:55:04 UTC] [INFO] Processing Gutenberg post | Context: {"post_id":1517}
[13:55:04 UTC] [INFO] Updating post content (first pass) | Context: {"post_id":1517}
[13:55:04 UTC] [INFO] Starting link extraction and replacement process
[13:55:04 UTC] [INFO] Links discovered in content | Context: {"total_links":0}
[13:55:04 UTC] [INFO] No links found in content, skipping replacement
[13:55:04 UTC] [INFO] Updating post content (second pass with link replacements) | Context: {"post_id":1517}
[13:55:04 UTC] [SUCCESS] Successfully completed processing Gutenberg post | Context: {"post_id":1517}
[13:55:04 UTC] [SUCCESS] Gutenberg batch processing completed successfully | Context: {"posts_processed":8}
[13:55:04 UTC] [SUCCESS] Completed batch class: STImporter\Importer\Batch\ST_Batch_Processing_Gutenberg
[13:55:04 UTC] [INFO] Starting batch class: STImporter\Importer\Batch\ST_Batch_Processing_Elementor
[13:55:04 UTC] [INFO] Elementor batch processing started
[13:55:04 UTC] [INFO] Elementor posts retrieved for processing | Context: {"post_count":8,"post_types":"page, post, wp_block, wp_template, wp_navigation, wp_template_part, wp_global_styles, sc_form"}
[13:55:04 UTC] [INFO] Processing Elementor post | Context: {"post_id":94}
[13:55:04 UTC] [INFO] Skipping post - not an Elementor page or missing data | Context: {"post_id":94,"has_version":false,"has_data":false}
[13:55:04 UTC] [INFO] Processing Elementor post | Context: {"post_id":96}
[13:55:04 UTC] [INFO] Skipping post - not an Elementor page or missing data | Context: {"post_id":96,"has_version":false,"has_data":false}
[13:55:04 UTC] [INFO] Processing Elementor post | Context: {"post_id":100}
[13:55:04 UTC] [INFO] Skipping post - not an Elementor page or missing data | Context: {"post_id":100,"has_version":false,"has_data":false}
[13:55:04 UTC] [INFO] Processing Elementor post | Context: {"post_id":102}
[13:55:04 UTC] [INFO] Skipping post - not an Elementor page or missing data | Context: {"post_id":102,"has_version":false,"has_data":false}
[13:55:04 UTC] [INFO] Processing Elementor post | Context: {"post_id":1514}
[13:55:04 UTC] [INFO] Skipping post - not an Elementor page or missing data | Context: {"post_id":1514,"has_version":false,"has_data":false}
[13:55:04 UTC] [INFO] Processing Elementor post | Context: {"post_id":1515}
[13:55:04 UTC] [INFO] Skipping post - not an Elementor page or missing data | Context: {"post_id":1515,"has_version":false,"has_data":false}
[13:55:04 UTC] [INFO] Processing Elementor post | Context: {"post_id":1516}
[13:55:04 UTC] [INFO] Skipping post - not an Elementor page or missing data | Context: {"post_id":1516,"has_version":false,"has_data":false}
[13:55:04 UTC] [INFO] Processing Elementor post | Context: {"post_id":1517}
[13:55:04 UTC] [INFO] Skipping post - not an Elementor page or missing data | Context: {"post_id":1517,"has_version":false,"has_data":false}
[13:55:04 UTC] [SUCCESS] Elementor batch processing completed successfully | Context: {"posts_processed":8}
[13:55:04 UTC] [SUCCESS] Completed batch class: STImporter\Importer\Batch\ST_Batch_Processing_Elementor
[13:55:04 UTC] [INFO] Starting batch class: STImporter\Importer\Batch\ST_Batch_Processing_Misc
[13:55:04 UTC] [INFO] Misc batch processing started
[13:55:04 UTC] [INFO] Misc batch processing skipped (not AI template)
[13:55:04 UTC] [SUCCESS] Completed batch class: STImporter\Importer\Batch\ST_Batch_Processing_Misc
[13:55:04 UTC] [INFO] Starting batch class: STImporter\Importer\Batch\ST_Batch_Processing_Customizer
[13:55:04 UTC] [INFO] Customizer image download batch processing started
[13:55:04 UTC] [INFO] Starting customizer image processing | Context: {"customizer_options_count":2139}
[13:55:04 UTC] [INFO] Processing customizer image | Context: {"original_url":"https:\/\/websitedemos.net\/t-shirts-store-07\/wp-content\/uploads\/sites\/1211\/2023\/03\/logo-retina.png"}
[13:55:04 UTC] [INFO] Starting image import for URL: https://websitedemos.net/t-shirts-store-07/wp-content/uploads/sites/1211/2023/03/logo-retina.png
[13:55:04 UTC] [INFO] Image already exists in media library (ID: 79), skipping download
[13:55:04 UTC] [SUCCESS] Customizer image processed successfully | Context: {"original_url":"https:\/\/websitedemos.net\/t-shirts-store-07\/wp-content\/uploads\/sites\/1211\/2023\/03\/logo-retina.png","downloaded_url":"https:\/\/shop.kvadradoc.com\/wp-content\/uploads\/2023\/03\/logo-retina.png","image_data":{"id":"79","url":"https:\/\/shop.kvadradoc.com\/wp-content\/uploads\/2023\/03\/logo-retina.png"}}
[13:55:04 UTC] [SUCCESS] Customizer image download completed | Context: {"options_processed":2139,"images_processed_successfully":1,"images_failed":0,"total_images_attempted":1}
[13:55:04 UTC] [SUCCESS] Customizer batch import method completed
[13:55:04 UTC] [SUCCESS] Completed batch class: STImporter\Importer\Batch\ST_Batch_Processing_Customizer
[13:55:04 UTC] [SUCCESS] Batch processing completed successfully
[13:55:04 UTC] [INFO] Import process completed. Cleaning up log file option.